// Jest Snapshot v1, https://goo.gl/fbAQLP

exports[`renders main correctly 1`] = `
<div
  className="home-container"
>
  <div
    className="picture-container"
  >
    Bilder
    <div
      id="product-options"
    >
      <div
        id="picture-category"
      >
        <img
          alt=""
          className="Svg"
          src="https://www.svgrepo.com/show/30310/sun.svg"
        />
      </div>
    </div>
  </div>
  <div
    className="text-container"
  >
    Dikt + lyd
    <div
      className="poetry"
    >
      <p>
        
      </p>
    </div>
    <div>
      <audio
        controls={true}
        src="Prologue.mp3"
      />
    </div>
  </div>
  <div
    className="options-container"
  >
    <div
      id="product-options"
    >
      <div
        id="picture-category"
      >
        <label>
          Choice 1:
          <input
            checked={true}
            name="pictureNr"
            onChange={[Function]}
            type="radio"
            value="0"
          />
        </label>
        <label>
          Choice 2:
          <input
            checked={false}
            name="pictureNr"
            onChange={[Function]}
            type="radio"
            value="1"
          />
        </label>
        <label>
          Choice 3:
          <input
            checked={false}
            name="pictureNr"
            onChange={[Function]}
            type="radio"
            value="2"
          />
        </label>
      </div>
    </div>
    <br />
    <br />
    <div
      id="product-options"
    >
      <div
        id="music-category"
      >
        <label>
          Choice 1:
          <input
            checked={true}
            name="musicNr"
            onChange={[Function]}
            type="radio"
            value="0"
          />
        </label>
        <label>
          Choice 2:
          <input
            checked={false}
            name="musicNr"
            onChange={[Function]}
            type="radio"
            value="1"
          />
        </label>
        <label>
          Choice 3:
          <input
            checked={false}
            name="musicNr"
            onChange={[Function]}
            type="radio"
            value="2"
          />
        </label>
      </div>
    </div>
    <br />
    <br />
    <div
      id="product-options"
    >
      <div
        id="poetry-category"
      >
        <label>
          Choice 1:
          <input
            checked={true}
            name="poetryNr"
            onChange={[Function]}
            type="radio"
            value="0"
          />
        </label>
        <label>
          Choice 2:
          <input
            checked={false}
            name="poetryNr"
            onChange={[Function]}
            type="radio"
            value="1"
          />
        </label>
        <label>
          Choice 3:
          <input
            checked={false}
            name="poetryNr"
            onChange={[Function]}
            type="radio"
            value="2"
          />
        </label>
      </div>
    </div>
    <br />
    <br />
    <div>
      <p>
        Lagre din favoritt utstillingen til neste gang!
      </p>
      <button
        onClick={[Function]}
      >
        Lagre utstilling
      </button>
    </div>
  </div>
</div>
`;
